=== Greenhouse Backend System Log ===
Started: 2025-10-29T16:17:41.462Z
Node.js: v22.11.0
Platform: linux/x64
Logs Directory: /home/tigran/Desktop/diplomayin/backend/logs
Redis: redis:6379
RabbitMQ: rabbitmq:5672
==============================================

[2025-10-29T16:17:41.464Z] INFO: Connecting to RabbitMQ at: amqp://rabbitmq:5672
[2025-10-29T16:17:41.472Z] INFO: Backend started - Logs: /home/tigran/Desktop/diplomayin/backend/logs
[2025-10-29T16:17:41.472Z] INFO: Redis: redis:6379
[2025-10-29T16:17:41.472Z] INFO: RabbitMQ: rabbitmq:5672
[2025-10-29T16:17:41.474Z] ERROR: RabbitMQ setup failed: getaddrinfo EAI_AGAIN rabbitmq
[2025-10-29T16:17:41.474Z] ERROR: Redis Client Error: getaddrinfo EAI_AGAIN redis
[2025-10-29T16:17:41.477Z] ERROR: Redis Client Error: getaddrinfo EAI_AGAIN redis
[2025-10-29T16:17:41.528Z] ERROR: Redis Client Error: getaddrinfo EAI_AGAIN redis
[2025-10-29T16:17:41.631Z] ERROR: Redis Client Error: getaddrinfo EAI_AGAIN redis
[2025-10-29T16:17:41.784Z] ERROR: Redis Client Error: getaddrinfo EAI_AGAIN redis
[2025-10-29T16:17:41.986Z] ERROR: Redis Client Error: getaddrinfo EAI_AGAIN redis
[2025-10-29T16:17:42.239Z] ERROR: Redis Client Error: getaddrinfo EAI_AGAIN redis
[2025-10-29T16:17:42.542Z] ERROR: Redis Client Error: getaddrinfo EAI_AGAIN redis
[2025-10-29T16:17:42.896Z] ERROR: Redis Client Error: getaddrinfo EAI_AGAIN redis
[2025-10-29T16:17:43.297Z] ERROR: Redis Client Error: getaddrinfo EAI_AGAIN redis


=== Backend Restarted: 2025-11-09T14:00:20.816Z ===

[2025-11-09T14:00:25.930Z] ERROR: Redis Client Error: Connection timeout
[2025-11-09T14:00:25.941Z] ERROR: Redis Client Error: getaddrinfo EAI_AGAIN redis
[2025-11-09T14:00:26.003Z] ERROR: Redis Client Error: getaddrinfo EAI_AGAIN redis
[2025-11-09T14:00:26.120Z] ERROR: Redis Client Error: getaddrinfo EAI_AGAIN redis
[2025-11-09T14:00:26.280Z] ERROR: Redis Client Error: getaddrinfo EAI_AGAIN redis
[2025-11-09T14:00:26.499Z] ERROR: Redis Client Error: getaddrinfo EAI_AGAIN redis
[2025-11-09T14:00:26.760Z] ERROR: Redis Client Error: getaddrinfo EAI_AGAIN redis
[2025-11-09T14:00:27.075Z] ERROR: Redis Client Error: getaddrinfo EAI_AGAIN redis
[2025-11-09T14:00:27.438Z] ERROR: Redis Client Error: getaddrinfo EAI_AGAIN redis
[2025-11-09T14:00:27.862Z] ERROR: Redis Client Error: getaddrinfo EAI_AGAIN redis
[2025-11-09T14:00:28.334Z] ERROR: Redis Client Error: getaddrinfo EAI_AGAIN redis
[2025-11-09T14:00:28.896Z] ERROR: Redis Client Error: getaddrinfo EAI_AGAIN redis
[2025-11-09T14:00:29.404Z] ERROR: Redis Client Error: getaddrinfo EAI_AGAIN redis
[2025-11-09T14:00:29.913Z] ERROR: Redis Client Error: getaddrinfo EAI_AGAIN redis


=== Backend Restarted: 2025-11-09T14:00:59.135Z ===

[2025-11-09T14:00:59.256Z] ERROR: Redis Client Error: getaddrinfo EAI_AGAIN redis
[2025-11-09T14:00:59.263Z] ERROR: Redis Client Error: getaddrinfo EAI_AGAIN redis
[2025-11-09T14:00:59.322Z] ERROR: Redis Client Error: getaddrinfo EAI_AGAIN redis
[2025-11-09T14:00:59.429Z] ERROR: Redis Client Error: getaddrinfo EAI_AGAIN redis
[2025-11-09T14:00:59.594Z] ERROR: Redis Client Error: getaddrinfo EAI_AGAIN redis
[2025-11-09T14:00:59.805Z] ERROR: Redis Client Error: getaddrinfo EAI_AGAIN redis
[2025-11-09T14:01:00.079Z] ERROR: Redis Client Error: getaddrinfo EAI_AGAIN redis
[2025-11-09T14:01:00.388Z] ERROR: Redis Client Error: getaddrinfo EAI_AGAIN redis
[2025-11-09T14:01:00.765Z] ERROR: Redis Client Error: getaddrinfo EAI_AGAIN redis
[2025-11-09T14:01:01.177Z] ERROR: Redis Client Error: getaddrinfo EAI_AGAIN redis
[2025-11-09T14:01:01.639Z] ERROR: Redis Client Error: getaddrinfo EAI_AGAIN redis
[2025-11-09T14:01:02.152Z] ERROR: Redis Client Error: getaddrinfo EAI_AGAIN redis
[2025-11-09T14:01:02.663Z] ERROR: Redis Client Error: getaddrinfo EAI_AGAIN redis
[2025-11-09T14:01:03.185Z] ERROR: Redis Client Error: getaddrinfo EAI_AGAIN redis
[2025-11-09T14:01:03.696Z] ERROR: Redis Client Error: getaddrinfo EAI_AGAIN redis
[2025-11-09T14:01:04.208Z] ERROR: Redis Client Error: getaddrinfo EAI_AGAIN redis


=== Backend Restarted: 2025-11-09T14:09:51.759Z ===

[2025-11-09T14:09:51.860Z] INFO: Redis Client Connected
[2025-11-09T14:09:51.862Z] INFO: Redis Client Ready
[2025-11-09T14:09:51.862Z] INFO: Redis connected
[2025-11-09T14:09:51.865Z] INFO: Connecting to RabbitMQ at: amqp://localhost:5672
[2025-11-09T14:09:51.867Z] INFO: Greenhouse backend running on port 3000
[2025-11-09T14:09:51.868Z] INFO: Logs directory: /home/tigran/Desktop/GreenHouse_Application/backend/logs
[2025-11-09T14:09:51.868Z] INFO: API docs available at http://localhost:3000
[2025-11-09T14:09:51.869Z] INFO: Command test passed: Command test
[2025-11-09T14:09:51.931Z] INFO: RabbitMQ connected and consumer started
[2025-11-09T14:10:53.908Z] DEBUG: Processing command: e19a2a4f-034c-4562-80eb-ed612016b445
[2025-11-09T14:10:54.258Z] DEBUG: [Session 1] Session started - ID: 28bf3eb3-6c0f-40dc-9cac-0212f290fdfd
[2025-11-09T14:10:54.258Z] INFO: Created new session: 28bf3eb3-6c0f-40dc-9cac-0212f290fdfd (session_1.log)
[2025-11-09T14:10:55.552Z] DEBUG: Processing command: 5c2e1e7f-4ca2-4abd-b141-4880b390e3a4
[2025-11-09T14:10:57.312Z] DEBUG: Processing command: 7634f436-12e1-471c-a194-856a458a71a6
[2025-11-09T14:10:58.478Z] DEBUG: Processing command: 71e9182d-3e0e-4046-b56e-61900c5eed61
[2025-11-09T14:11:02.691Z] DEBUG: Processing command: bc951122-72a3-4804-873d-889ddb429d80
[2025-11-09T14:11:02.930Z] DEBUG: [Session 1] Sensor data: {"temperature":31.688023084747176,"humidity":14.939271671402965,"light":84.35649178227989,"timestamp":"2025-11-09T14:11:02.930Z"}
[2025-11-09T14:11:03.939Z] DEBUG: Processing command: 8c39a7c4-1b8b-4829-8669-9c2d80913b71
[2025-11-09T14:11:03.939Z] DEBUG: [Session 1] Sensor data: {"temperature":20.935932755913022,"humidity":99.37319414104367,"light":899.799260044692,"timestamp":"2025-11-09T14:11:03.939Z"}
