=== Session Log ===
Session ID: 83ec9b9e-5a09-47e6-b47c-79102d31e78a
Session Number: 1
Created: 2025-11-15T17:53:23.832Z
Log File: session_1.log
========================================

[2025-11-15T17:53:23.832Z] INFO: Session started - ID: 83ec9b9e-5a09-47e6-b47c-79102d31e78a
[2025-11-15T17:53:23.832Z] COMMAND: c4ce9638-919d-43f7-84c9-b1381eb3b516 - RECEIVED command: switch_actuator
[2025-11-15T17:53:23.832Z] COMMAND: c4ce9638-919d-43f7-84c9-b1381eb3b516 - EXECUTING 
[2025-11-15T17:53:23.833Z] DEBUG: Executing greenhouse command: switch_actuator
[2025-11-15T17:53:23.845Z] INFO: Greenhouse command switch_actuator succeeded in 12ms
[2025-11-15T17:53:23.845Z] COMMAND: c4ce9638-919d-43f7-84c9-b1381eb3b516 - COMPLETED 
[2025-11-15T17:53:38.806Z] COMMAND: 53c72469-a192-499c-95f6-f27e4a8b72e7 - RECEIVED command: switch_heater
[2025-11-15T17:53:38.806Z] COMMAND: 53c72469-a192-499c-95f6-f27e4a8b72e7 - EXECUTING 
[2025-11-15T17:53:38.807Z] DEBUG: Executing greenhouse command: switch_heater
[2025-11-15T17:53:38.811Z] INFO: Greenhouse command switch_heater succeeded in 4ms
[2025-11-15T17:53:38.811Z] COMMAND: 53c72469-a192-499c-95f6-f27e4a8b72e7 - COMPLETED 
[2025-11-15T17:54:45.019Z] COMMAND: 2531c5a4-7808-47c1-b523-83ace3c9f0fb - RECEIVED command: switch_water_canal
[2025-11-15T17:54:45.019Z] COMMAND: 2531c5a4-7808-47c1-b523-83ace3c9f0fb - EXECUTING 
[2025-11-15T17:54:45.019Z] DEBUG: Executing greenhouse command: switch_water_canal
[2025-11-15T17:54:45.023Z] INFO: Greenhouse command switch_water_canal succeeded in 4ms
[2025-11-15T17:54:45.023Z] COMMAND: 2531c5a4-7808-47c1-b523-83ace3c9f0fb - COMPLETED 
[2025-11-15T17:54:54.621Z] COMMAND: d7f31bbc-d230-4721-a069-8a513c9ba915 - RECEIVED command: read_sensor
[2025-11-15T17:54:54.623Z] COMMAND: d7f31bbc-d230-4721-a069-8a513c9ba915 - EXECUTING 
[2025-11-15T17:54:54.623Z] DEBUG: Executing greenhouse command: read_soil_ph_data
[2025-11-15T17:54:54.635Z] INFO: Greenhouse command read_soil_ph_data succeeded in 12ms
[2025-11-15T17:54:54.636Z] COMMAND: d7f31bbc-d230-4721-a069-8a513c9ba915 - CACHED TTL:5s
[2025-11-15T17:54:54.636Z] COMMAND: d7f31bbc-d230-4721-a069-8a513c9ba915 - COMPLETED 
